// Jest Snapshot v1, https://goo.gl/fbAQLP

exports[`LoadingView renders correctly 1`] = `<View />`;
